[96msrc/components/dashboard/prediction-chart.tsx[0m:[93m349[0m:[93m21[0m - [91merror[0m[90m TS2322: [0mType '(value: any, name: string) => [string, string]' is not assignable to type 'Formatter<ValueType, NameType> & ((value: ValueType, name: NameType, item: TooltipPayloadEntry, index: number, payload: TooltipPayload) => ReactNode | [...])'.
  Type '(value: any, name: string) => [string, string]' is not assignable to type 'Formatter<ValueType, NameType>'.
    Types of parameters 'name' and 'name' are incompatible.
      Type 'NameType | undefined' is not assignable to type 'string'.
        Type 'undefined' is not assignable to type 'string'.

[7m349[0m                     formatter={(value: any, name: string) => {
[7m   [0m [91m                    ~~~~~~~~~[0m

  [96mnode_modules/recharts/types/component/DefaultTooltipContent.d.ts[0m:[93m41[0m:[93m5[0m
    [7m41[0m     formatter?: Formatter<TValue, TName>;
    [7m  [0m [96m    ~~~~~~~~~[0m
    The expected type comes from property 'formatter' which is declared here on type 'IntrinsicAttributes & Omit<Props<ValueType, NameType>, PropertiesReadFromContext> & { ...; }'


Found 1 error in src/components/dashboard/prediction-chart.tsx[90m:349[0m

